#-----------------------------------------------------------
# Vivado v2023.1 (64-bit)
# SW Build 3865809 on Sun May  7 15:04:56 MDT 2023
# IP Build 3864474 on Sun May  7 20:36:21 MDT 2023
# SharedData Build 3865790 on Sun May 07 13:33:03 MDT 2023
# Start of session at: Tue Mar  5 15:41:22 2024
# Process ID: 44661
# Current directory: /home/ysxashore/Data_DISK/Projects/Studying/LoongArch-Learn/CPU_design/cdp_ede_local_LA_readygo/mycpu_env/soc_verify/soc_axi/run_vivado/project/loongson.runs/axi_crossbar_1x2_synth_1
# Command line: vivado -log axi_crossbar_1x2.vds -product Vivado -mode batch -messageDb vivado.pb -notrace -source axi_crossbar_1x2.tcl
# Log file: /home/ysxashore/Data_DISK/Projects/Studying/LoongArch-Learn/CPU_design/cdp_ede_local_LA_readygo/mycpu_env/soc_verify/soc_axi/run_vivado/project/loongson.runs/axi_crossbar_1x2_synth_1/axi_crossbar_1x2.vds
# Journal file: /home/ysxashore/Data_DISK/Projects/Studying/LoongArch-Learn/CPU_design/cdp_ede_local_LA_readygo/mycpu_env/soc_verify/soc_axi/run_vivado/project/loongson.runs/axi_crossbar_1x2_synth_1/vivado.jou
# Running On: ysxAshore-Ubuntu, OS: Linux, CPU Frequency: 2600.012 MHz, CPU Physical cores: 6, Host memory: 16662 MB
#-----------------------------------------------------------
source axi_crossbar_1x2.tcl -notrace
