#-----------------------------------------------------------
# Vivado v2023.1 (64-bit)
# SW Build 3865809 on Sun May  7 15:04:56 MDT 2023
# IP Build 3864474 on Sun May  7 20:36:21 MDT 2023
# SharedData Build 3865790 on Sun May 07 13:33:03 MDT 2023
# Start of session at: Mon Mar 11 12:25:39 2024
# Process ID: 67067
# Current directory: /home/ysxashore/Data_DISK/Projects/Studying/LoongArch-Learn/CPU_design/cdp_ede_local_LA_readygo/mycpu_env/soc_verify/soc_axi/run_vivado/project/loongson.runs/inst_way0_bank2_synth_1
# Command line: vivado -log inst_way0_bank2.vds -product Vivado -mode batch -messageDb vivado.pb -notrace -source inst_way0_bank2.tcl
# Log file: /home/ysxashore/Data_DISK/Projects/Studying/LoongArch-Learn/CPU_design/cdp_ede_local_LA_readygo/mycpu_env/soc_verify/soc_axi/run_vivado/project/loongson.runs/inst_way0_bank2_synth_1/inst_way0_bank2.vds
# Journal file: /home/ysxashore/Data_DISK/Projects/Studying/LoongArch-Learn/CPU_design/cdp_ede_local_LA_readygo/mycpu_env/soc_verify/soc_axi/run_vivado/project/loongson.runs/inst_way0_bank2_synth_1/vivado.jou
# Running On: ysxAshore-Ubuntu, OS: Linux, CPU Frequency: 2600.302 MHz, CPU Physical cores: 6, Host memory: 16662 MB
#-----------------------------------------------------------
source inst_way0_bank2.tcl -notrace
