#-----------------------------------------------------------
# Vivado v2023.1 (64-bit)
# SW Build 3865809 on Sun May  7 15:04:56 MDT 2023
# IP Build 3864474 on Sun May  7 20:36:21 MDT 2023
# SharedData Build 3865790 on Sun May 07 13:33:03 MDT 2023
# Start of session at: Wed Dec 20 14:00:04 2023
# Process ID: 42922
# Current directory: /home/ysxashore/Data_DISK/Projects/Studying/LoongArch-Learn/CPU_design/cdp_ede_local/mycpu_env/soc_verify/soc_dram/run_vivado/project/loongson.runs/data_ram_synth_1
# Command line: vivado -log data_ram.vds -product Vivado -mode batch -messageDb vivado.pb -notrace -source data_ram.tcl
# Log file: /home/ysxashore/Data_DISK/Projects/Studying/LoongArch-Learn/CPU_design/cdp_ede_local/mycpu_env/soc_verify/soc_dram/run_vivado/project/loongson.runs/data_ram_synth_1/data_ram.vds
# Journal file: /home/ysxashore/Data_DISK/Projects/Studying/LoongArch-Learn/CPU_design/cdp_ede_local/mycpu_env/soc_verify/soc_dram/run_vivado/project/loongson.runs/data_ram_synth_1/vivado.jou
# Running On: ysxAshore-Ubuntu, OS: Linux, CPU Frequency: 4485.070 MHz, CPU Physical cores: 6, Host memory: 16662 MB
#-----------------------------------------------------------
source data_ram.tcl -notrace
