#-----------------------------------------------------------
# Vivado v2023.1 (64-bit)
# SW Build 3865809 on Sun May  7 15:05:29 MDT 2023
# IP Build 3864474 on Sun May  7 20:36:21 MDT 2023
# SharedData Build 3865790 on Sun May 07 13:33:03 MDT 2023
# Start of session at: Thu Apr 11 21:16:09 2024
# Process ID: 19400
# Current directory: E:/Projects/Studying/LA/CPU_design/readygo/mycpu_env/soc_verify/soc_axi/run_vivado/project/loongson.runs/tagv_sram_synth_1
# Command line: vivado.exe -log tagv_sram.vds -product Vivado -mode batch -messageDb vivado.pb -notrace -source tagv_sram.tcl
# Log file: E:/Projects/Studying/LA/CPU_design/readygo/mycpu_env/soc_verify/soc_axi/run_vivado/project/loongson.runs/tagv_sram_synth_1/tagv_sram.vds
# Journal file: E:/Projects/Studying/LA/CPU_design/readygo/mycpu_env/soc_verify/soc_axi/run_vivado/project/loongson.runs/tagv_sram_synth_1\vivado.jou
# Running On: ysxAshore, OS: Windows, CPU Frequency: 2592 MHz, CPU Physical cores: 6, Host memory: 34263 MB
#-----------------------------------------------------------
source tagv_sram.tcl -notrace
