#-----------------------------------------------------------
# Vivado v2023.1 (64-bit)
# SW Build 3865809 on Sun May  7 15:04:56 MDT 2023
# IP Build 3864474 on Sun May  7 20:36:21 MDT 2023
# SharedData Build 3865790 on Sun May 07 13:33:03 MDT 2023
# Start of session at: Sun Dec 17 19:39:42 2023
# Process ID: 16825
# Current directory: /home/ysxashore/Data_DISK/Projects/Studying/LoongArch-Learn/CPU_design/cdp_ede_local/mycpu_env/gettrace
# Command line: vivado
# Log file: /home/ysxashore/Data_DISK/Projects/Studying/LoongArch-Learn/CPU_design/cdp_ede_local/mycpu_env/gettrace/vivado.log
# Journal file: /home/ysxashore/Data_DISK/Projects/Studying/LoongArch-Learn/CPU_design/cdp_ede_local/mycpu_env/gettrace/vivado.jou
# Running On: ysxAshore-Ubuntu, OS: Linux, CPU Frequency: 1000.028 MHz, CPU Physical cores: 6, Host memory: 16662 MB
#-----------------------------------------------------------
start_gui
open_project /home/ysxashore/Data_DISK/Projects/Studying/LoongArch-Learn/CPU_design/cdp_ede_local/mycpu_env/gettrace/gettrace.xpr
update_compile_order -fileset sources_1
close_project
