#-----------------------------------------------------------
# Vivado v2023.1 (64-bit)
# SW Build 3865809 on Sun May  7 15:05:29 MDT 2023
# IP Build 3864474 on Sun May  7 20:36:21 MDT 2023
# SharedData Build 3865790 on Sun May 07 13:33:03 MDT 2023
# Start of session at: Sun May  5 21:03:32 2024
# Process ID: 23684
# Current directory: E:/Projects/Studying/LA/LA32R_GD/chiplab/fpga/loongson/2019.2/system_run.runs/axi_interconnect_0_synth_1
# Command line: vivado.exe -log axi_interconnect_0.vds -product Vivado -mode batch -messageDb vivado.pb -notrace -source axi_interconnect_0.tcl
# Log file: E:/Projects/Studying/LA/LA32R_GD/chiplab/fpga/loongson/2019.2/system_run.runs/axi_interconnect_0_synth_1/axi_interconnect_0.vds
# Journal file: E:/Projects/Studying/LA/LA32R_GD/chiplab/fpga/loongson/2019.2/system_run.runs/axi_interconnect_0_synth_1\vivado.jou
# Running On: ysxAshore, OS: Windows, CPU Frequency: 2592 MHz, CPU Physical cores: 6, Host memory: 34263 MB
#-----------------------------------------------------------
source axi_interconnect_0.tcl -notrace
